**********************
Windows PowerShell transcript start
Start time: 20260919010855
Username: 01-LAP-131\balsabsabi
RunAs User: 01-LAP-131\balsabsabi
Configuration Name: 
Machine: 01-LAP-131 (Microsoft Windows NT 10.0.19045.0)
Host Application: C:\Windows\System32\WindowsPowerShell\v1.0\powershell.exe -NoProfile -ExecutionPolicy Bypass -File e:\ERP system\run-migration-seed.ps1
Process ID: 13492
PSVersion: 5.1.19041.6456
PSEdition: Desktop
PSCompatibleVersions: 1.0, 2.0, 3.0, 4.0, 5.0, 5.1.19041.6456
BuildVersion: 10.0.19041.6456
CLRVersion: 4.0.30319.42000
WSManStackVersion: 3.0
PSRemotingProtocolVersion: 2.3
SerializationVersion: 1.1.0.1
**********************
Transcript started, output file is e:\ERP system\full-output.log
========================================
ERP System - Migration & Seed Script
========================================

[1/5] Setting environment variables...
   DATABASE_URL set
   NODE_ENV: production
   SEED_ADMIN_EMAIL: admin@yourorg.com
   OK

[2/5] Verifying node_modules...
   node_modules incomplete. Running npm install...

   npm install FAILED
**********************
Windows PowerShell transcript end
End time: 20260919012159
**********************
